- text: Авторизация Логин
- textbox "Логин"
- text: Пароль
- textbox "Пароль"
- button "Войти" [disabled]