- text: Авторизация Логин
- textbox
- text: Пароль
- textbox
- button "Войти" [disabled]